// Jest Snapshot v1, https://goo.gl/fbAQLP

exports[`renders correctly with empty props 1`] = `
<h1
  aria-label=""
  className="heading-component element-type-h1 size-large font-weight-normal single-line-ellipsis"
>
  
</h1>
`;
