// Jest Snapshot v1, https://goo.gl/fbAQLP

exports[`renders correctly with empty props 1`] = `
<div
  aria-label="undefined "
  className="editable-heading--wrapper"
  id=""
  onClick={[Function]}
  onDragStart={[Function]}
  onKeyDown={[Function]}
  onKeyUp={[Function]}
  onMouseDown={[Function]}
  onMouseEnter={[Function]}
  onMouseLeave={[Function]}
  onMouseUp={[Function]}
  onTouchCancel={[Function]}
  onTouchEnd={[Function]}
  onTouchMove={[Function]}
  onTouchStart={[Function]}
  role="button"
  tabIndex={0}
>
  <h1
    aria-label=""
    className="heading-component element-type-h1 size-large heading-element-ellipsis suggest-edit-on-hover"
    id=""
  >
    
  </h1>
</div>
`;
