// Jest Snapshot v1, https://goo.gl/fbAQLP

exports[`renders correctly with empty props 1`] = `
<div
  className="tab-panel--wrapper"
  id=""
  role="tabpanel"
/>
`;
