// Jest Snapshot v1, https://goo.gl/fbAQLP

exports[`renders correctly with empty props 1`] = `
<div
  className="monday-style-divider monday-style-divider--horizontal monday-style-divider--with-margin"
/>
`;
