// Jest Snapshot v1, https://goo.gl/fbAQLP

exports[`<Combobox /> renders correctly with empty props 1`] = `
<div
  className="combobox--wrapper"
  id=""
>
  <div
    className="input-component search_component_wrapper"
    role="search"
  >
    <div
      className="input-component__label--wrapper"
    >
      <div
        className="input-component__input-wrapper input-component__input-wrapper--size-medium"
      >
        <input
          aria-activedescendant=""
          aria-invalid={null}
          aria-label="Search for content"
          aria-owns=""
          autoComplete="off"
          autoFocus={false}
          className="combobox--wrapper-search search_component input-component__input input-component__input--has-icon"
          disabled={false}
          id="combobox-search"
          maxLength={null}
          onBlur={[Function]}
          onChange={[Function]}
          onFocus={[Function]}
          onKeyDown={[Function]}
          placeholder=""
          readOnly={false}
          required={false}
          role=""
          type="search"
          value=""
        />
        <div
          className="input-component__icon--container input-component__icon--container-has-icon input-component__icon--container-active"
          onClick={[Function]}
          onKeyDown={[Function]}
          onKeyUp={[Function]}
          onMouseDown={[Function]}
          onMouseEnter={[Function]}
          onMouseLeave={[Function]}
          onMouseUp={[Function]}
          onTouchCancel={[Function]}
          onTouchEnd={[Function]}
          onTouchMove={[Function]}
          onTouchStart={[Function]}
          role="button"
          tabIndex="-1"
          type="button"
        >
          <span
            aria-label="Search"
            className="icon_component input-component__icon icon_component--no-focus-style fa fa-search"
            onClick={[Function]}
            role=""
            tabIndex={-1}
          />
        </div>
        <div
          className="input-component__icon--container input-component__icon--container-has-icon"
          onClick={[Function]}
          onKeyDown={[Function]}
          onKeyUp={[Function]}
          onMouseDown={[Function]}
          onMouseEnter={[Function]}
          onMouseLeave={[Function]}
          onMouseUp={[Function]}
          onTouchCancel={[Function]}
          onTouchEnd={[Function]}
          onTouchMove={[Function]}
          onTouchStart={[Function]}
          role="button"
          tabIndex="-1"
          type="button"
        >
          <span
            aria-label="Clear Search"
            className="icon_component input-component__icon icon_component--no-focus-style fa fa-close"
            onClick={[Function]}
            role=""
            tabIndex={-1}
          />
        </div>
      </div>
    </div>
  </div>
  <div
    className="combobox--wrapper-list"
  />
</div>
`;

exports[`<Combobox /> renders correctly with one option 1`] = `
<div
  className="combobox--wrapper"
  id=""
>
  <div
    className="input-component search_component_wrapper"
    role="search"
  >
    <div
      className="input-component__label--wrapper"
    >
      <div
        className="input-component__input-wrapper input-component__input-wrapper--size-medium"
      >
        <input
          aria-activedescendant=""
          aria-invalid={null}
          aria-label="Search for content"
          aria-owns=""
          autoComplete="off"
          autoFocus={false}
          className="combobox--wrapper-search search_component input-component__input input-component__input--has-icon"
          disabled={false}
          id="combobox-search"
          maxLength={null}
          onBlur={[Function]}
          onChange={[Function]}
          onFocus={[Function]}
          onKeyDown={[Function]}
          placeholder=""
          readOnly={false}
          required={false}
          role=""
          type="search"
          value=""
        />
        <div
          className="input-component__icon--container input-component__icon--container-has-icon input-component__icon--container-active"
          onClick={[Function]}
          onKeyDown={[Function]}
          onKeyUp={[Function]}
          onMouseDown={[Function]}
          onMouseEnter={[Function]}
          onMouseLeave={[Function]}
          onMouseUp={[Function]}
          onTouchCancel={[Function]}
          onTouchEnd={[Function]}
          onTouchMove={[Function]}
          onTouchStart={[Function]}
          role="button"
          tabIndex="-1"
          type="button"
        >
          <span
            aria-label="Search"
            className="icon_component input-component__icon icon_component--no-focus-style fa fa-search"
            onClick={[Function]}
            role=""
            tabIndex={-1}
          />
        </div>
        <div
          className="input-component__icon--container input-component__icon--container-has-icon"
          onClick={[Function]}
          onKeyDown={[Function]}
          onKeyUp={[Function]}
          onMouseDown={[Function]}
          onMouseEnter={[Function]}
          onMouseLeave={[Function]}
          onMouseUp={[Function]}
          onTouchCancel={[Function]}
          onTouchEnd={[Function]}
          onTouchMove={[Function]}
          onTouchStart={[Function]}
          role="button"
          tabIndex="-1"
          type="button"
        >
          <span
            aria-label="Clear Search"
            className="icon_component input-component__icon icon_component--no-focus-style fa fa-close"
            onClick={[Function]}
            role=""
            tabIndex={-1}
          />
        </div>
      </div>
    </div>
  </div>
  <div
    className="combobox--wrapper-list"
  />
</div>
`;
