// Jest Snapshot v1, https://goo.gl/fbAQLP

exports[`renders correctly with empty props 1`] = `
<button
  aria-label=""
  className="monday-style-button monday-style-button--size-medium monday-style-button--kind-tertiary monday-style-button--color-primary monday-style-button--no-side-padding"
  disabled={false}
  id=""
  onBlur={[Function]}
  onClick={[Function]}
  onFocus={[Function]}
  onMouseDown={[Function]}
  onMouseUp={[Function]}
  type="button"
/>
`;
