// Jest Snapshot v1, https://goo.gl/fbAQLP

exports[`renders correctly with empty props 1`] = `
<div
  className="textWithHighlightWrapper text-with-highlight--wrapper withEllipsis with-ellipsis"
  data-testid="text-with-highlight"
>
  
</div>
`;
