// Jest Snapshot v1, https://goo.gl/fbAQLP

exports[`ModalFooter renders correctly with empty props 1`] = `
<div
  className="mondayStyleModalFooter"
>
  <button
    aria-disabled={false}
    className="monday-style-button monday-style-button--size-medium monday-style-button--kind-primary monday-style-button--color-primary"
    data-testid="button"
    disabled={false}
    onBlur={[Function]}
    onClick={[Function]}
    onFocus={[Function]}
    onMouseDown={[Function]}
    onMouseUp={[Function]}
    type="button"
  />
</div>
`;
