// Jest Snapshot v1, https://goo.gl/fbAQLP

exports[`renders correctly with empty props 1`] = `
<div
  className="monday-style-clickable monday-style-clickable--disable-text-selection"
  onClick={[Function]}
  onKeyDown={[Function]}
  role="button"
  tabIndex={0}
/>
`;

exports[`renders correctly with props 1`] = `
<div
  className="monday-style-clickable monday-style_tests-class"
  onClick={[Function]}
  onKeyDown={[Function]}
  role="banner"
  tabIndex={0}
>
  Children text
</div>
`;
