// Jest Snapshot v1, https://goo.gl/fbAQLP

exports[`renders correctly with empty props 1`] = `
<span
  className="wrapper hidden-text--wrapper"
  data-testid="hidden-text_hiddenText"
  id="hiddenText"
>
  This text is hidden
</span>
`;
