// Jest Snapshot v1, https://goo.gl/fbAQLP

exports[`renders correctly with empty props 1`] = `
<div
  aria-describedby="Pick color"
  aria-labelledby="Color Picker Dialog"
  className="dialogContentContainer colorPicker colorPickerDialogContent typePopover sizeMedium"
  data-testid="dialog-content-container"
  role="dialog"
  style={
    {
      "width": 224,
    }
  }
>
  <div
    style={
      {
        "width": 200,
      }
    }
    tabIndex={-1}
  >
    <ul
      className="colorsGrid"
      data-testid="color-picker"
      tabIndex={-1}
    >
      <li
        className="itemWrapper"
        data-testid="color-picker-item_grass_green"
        onMouseEnter={[Function]}
        onMouseLeave={[Function]}
      >
        <div
          className="feedbackIndicator"
        />
        <div
          aria-label="grass_green"
          className="clickable colorItem colorItemSizeMedium disableTextSelection"
          data-testid="clickable"
          onClick={[Function]}
          onKeyDown={[Function]}
          onMouseDown={[Function]}
          onMouseEnter={[Function]}
          onMouseLeave={[Function]}
          role="button"
          style={
            {
              "background": "var(--color-grass_green)",
            }
          }
          tabIndex={-1}
        >
          <div
            className="colorIndicatorWrapper"
            style={{}}
          />
        </div>
      </li>
      <li
        className="itemWrapper"
        data-testid="color-picker-item_done-green"
        onMouseEnter={[Function]}
        onMouseLeave={[Function]}
      >
        <div
          className="feedbackIndicator"
        />
        <div
          aria-label="done-green"
          className="clickable colorItem colorItemSizeMedium disableTextSelection"
          data-testid="clickable"
          onClick={[Function]}
          onKeyDown={[Function]}
          onMouseDown={[Function]}
          onMouseEnter={[Function]}
          onMouseLeave={[Function]}
          role="button"
          style={
            {
              "background": "var(--color-done-green)",
            }
          }
          tabIndex={-1}
        >
          <div
            className="colorIndicatorWrapper"
            style={{}}
          />
        </div>
      </li>
      <li
        className="itemWrapper"
        data-testid="color-picker-item_bright-green"
        onMouseEnter={[Function]}
        onMouseLeave={[Function]}
      >
        <div
          className="feedbackIndicator"
        />
        <div
          aria-label="bright-green"
          className="clickable colorItem colorItemSizeMedium disableTextSelection"
          data-testid="clickable"
          onClick={[Function]}
          onKeyDown={[Function]}
          onMouseDown={[Function]}
          onMouseEnter={[Function]}
          onMouseLeave={[Function]}
          role="button"
          style={
            {
              "background": "var(--color-bright-green)",
            }
          }
          tabIndex={-1}
        >
          <div
            className="colorIndicatorWrapper"
            style={{}}
          />
        </div>
      </li>
      <li
        className="itemWrapper"
        data-testid="color-picker-item_saladish"
        onMouseEnter={[Function]}
        onMouseLeave={[Function]}
      >
        <div
          className="feedbackIndicator"
        />
        <div
          aria-label="saladish"
          className="clickable colorItem colorItemSizeMedium disableTextSelection"
          data-testid="clickable"
          onClick={[Function]}
          onKeyDown={[Function]}
          onMouseDown={[Function]}
          onMouseEnter={[Function]}
          onMouseLeave={[Function]}
          role="button"
          style={
            {
              "background": "var(--color-saladish)",
            }
          }
          tabIndex={-1}
        >
          <div
            className="colorIndicatorWrapper"
            style={{}}
          />
        </div>
      </li>
      <li
        className="itemWrapper"
        data-testid="color-picker-item_egg_yolk"
        onMouseEnter={[Function]}
        onMouseLeave={[Function]}
      >
        <div
          className="feedbackIndicator"
        />
        <div
          aria-label="egg_yolk"
          className="clickable colorItem colorItemSizeMedium disableTextSelection"
          data-testid="clickable"
          onClick={[Function]}
          onKeyDown={[Function]}
          onMouseDown={[Function]}
          onMouseEnter={[Function]}
          onMouseLeave={[Function]}
          role="button"
          style={
            {
              "background": "var(--color-egg_yolk)",
            }
          }
          tabIndex={-1}
        >
          <div
            className="colorIndicatorWrapper"
            style={{}}
          />
        </div>
      </li>
      <li
        className="itemWrapper"
        data-testid="color-picker-item_working_orange"
        onMouseEnter={[Function]}
        onMouseLeave={[Function]}
      >
        <div
          className="feedbackIndicator"
        />
        <div
          aria-label="working_orange"
          className="clickable colorItem colorItemSizeMedium disableTextSelection"
          data-testid="clickable"
          onClick={[Function]}
          onKeyDown={[Function]}
          onMouseDown={[Function]}
          onMouseEnter={[Function]}
          onMouseLeave={[Function]}
          role="button"
          style={
            {
              "background": "var(--color-working_orange)",
            }
          }
          tabIndex={-1}
        >
          <div
            className="colorIndicatorWrapper"
            style={{}}
          />
        </div>
      </li>
      <li
        className="itemWrapper"
        data-testid="color-picker-item_dark-orange"
        onMouseEnter={[Function]}
        onMouseLeave={[Function]}
      >
        <div
          className="feedbackIndicator"
        />
        <div
          aria-label="dark-orange"
          className="clickable colorItem colorItemSizeMedium disableTextSelection"
          data-testid="clickable"
          onClick={[Function]}
          onKeyDown={[Function]}
          onMouseDown={[Function]}
          onMouseEnter={[Function]}
          onMouseLeave={[Function]}
          role="button"
          style={
            {
              "background": "var(--color-dark-orange)",
            }
          }
          tabIndex={-1}
        >
          <div
            className="colorIndicatorWrapper"
            style={{}}
          />
        </div>
      </li>
      <li
        className="itemWrapper"
        data-testid="color-picker-item_peach"
        onMouseEnter={[Function]}
        onMouseLeave={[Function]}
      >
        <div
          className="feedbackIndicator"
        />
        <div
          aria-label="peach"
          className="clickable colorItem colorItemSizeMedium disableTextSelection"
          data-testid="clickable"
          onClick={[Function]}
          onKeyDown={[Function]}
          onMouseDown={[Function]}
          onMouseEnter={[Function]}
          onMouseLeave={[Function]}
          role="button"
          style={
            {
              "background": "var(--color-peach)",
            }
          }
          tabIndex={-1}
        >
          <div
            className="colorIndicatorWrapper"
            style={{}}
          />
        </div>
      </li>
      <li
        className="itemWrapper"
        data-testid="color-picker-item_sunset"
        onMouseEnter={[Function]}
        onMouseLeave={[Function]}
      >
        <div
          className="feedbackIndicator"
        />
        <div
          aria-label="sunset"
          className="clickable colorItem colorItemSizeMedium disableTextSelection"
          data-testid="clickable"
          onClick={[Function]}
          onKeyDown={[Function]}
          onMouseDown={[Function]}
          onMouseEnter={[Function]}
          onMouseLeave={[Function]}
          role="button"
          style={
            {
              "background": "var(--color-sunset)",
            }
          }
          tabIndex={-1}
        >
          <div
            className="colorIndicatorWrapper"
            style={{}}
          />
        </div>
      </li>
      <li
        className="itemWrapper"
        data-testid="color-picker-item_stuck-red"
        onMouseEnter={[Function]}
        onMouseLeave={[Function]}
      >
        <div
          className="feedbackIndicator"
        />
        <div
          aria-label="stuck-red"
          className="clickable colorItem colorItemSizeMedium disableTextSelection"
          data-testid="clickable"
          onClick={[Function]}
          onKeyDown={[Function]}
          onMouseDown={[Function]}
          onMouseEnter={[Function]}
          onMouseLeave={[Function]}
          role="button"
          style={
            {
              "background": "var(--color-stuck-red)",
            }
          }
          tabIndex={-1}
        >
          <div
            className="colorIndicatorWrapper"
            style={{}}
          />
        </div>
      </li>
      <li
        className="itemWrapper"
        data-testid="color-picker-item_dark-red"
        onMouseEnter={[Function]}
        onMouseLeave={[Function]}
      >
        <div
          className="feedbackIndicator"
        />
        <div
          aria-label="dark-red"
          className="clickable colorItem colorItemSizeMedium disableTextSelection"
          data-testid="clickable"
          onClick={[Function]}
          onKeyDown={[Function]}
          onMouseDown={[Function]}
          onMouseEnter={[Function]}
          onMouseLeave={[Function]}
          role="button"
          style={
            {
              "background": "var(--color-dark-red)",
            }
          }
          tabIndex={-1}
        >
          <div
            className="colorIndicatorWrapper"
            style={{}}
          />
        </div>
      </li>
      <li
        className="itemWrapper"
        data-testid="color-picker-item_sofia_pink"
        onMouseEnter={[Function]}
        onMouseLeave={[Function]}
      >
        <div
          className="feedbackIndicator"
        />
        <div
          aria-label="sofia_pink"
          className="clickable colorItem colorItemSizeMedium disableTextSelection"
          data-testid="clickable"
          onClick={[Function]}
          onKeyDown={[Function]}
          onMouseDown={[Function]}
          onMouseEnter={[Function]}
          onMouseLeave={[Function]}
          role="button"
          style={
            {
              "background": "var(--color-sofia_pink)",
            }
          }
          tabIndex={-1}
        >
          <div
            className="colorIndicatorWrapper"
            style={{}}
          />
        </div>
      </li>
      <li
        className="itemWrapper"
        data-testid="color-picker-item_lipstick"
        onMouseEnter={[Function]}
        onMouseLeave={[Function]}
      >
        <div
          className="feedbackIndicator"
        />
        <div
          aria-label="lipstick"
          className="clickable colorItem colorItemSizeMedium disableTextSelection"
          data-testid="clickable"
          onClick={[Function]}
          onKeyDown={[Function]}
          onMouseDown={[Function]}
          onMouseEnter={[Function]}
          onMouseLeave={[Function]}
          role="button"
          style={
            {
              "background": "var(--color-lipstick)",
            }
          }
          tabIndex={-1}
        >
          <div
            className="colorIndicatorWrapper"
            style={{}}
          />
        </div>
      </li>
      <li
        className="itemWrapper"
        data-testid="color-picker-item_bubble"
        onMouseEnter={[Function]}
        onMouseLeave={[Function]}
      >
        <div
          className="feedbackIndicator"
        />
        <div
          aria-label="bubble"
          className="clickable colorItem colorItemSizeMedium disableTextSelection"
          data-testid="clickable"
          onClick={[Function]}
          onKeyDown={[Function]}
          onMouseDown={[Function]}
          onMouseEnter={[Function]}
          onMouseLeave={[Function]}
          role="button"
          style={
            {
              "background": "var(--color-bubble)",
            }
          }
          tabIndex={-1}
        >
          <div
            className="colorIndicatorWrapper"
            style={{}}
          />
        </div>
      </li>
      <li
        className="itemWrapper"
        data-testid="color-picker-item_purple"
        onMouseEnter={[Function]}
        onMouseLeave={[Function]}
      >
        <div
          className="feedbackIndicator"
        />
        <div
          aria-label="purple"
          className="clickable colorItem colorItemSizeMedium disableTextSelection"
          data-testid="clickable"
          onClick={[Function]}
          onKeyDown={[Function]}
          onMouseDown={[Function]}
          onMouseEnter={[Function]}
          onMouseLeave={[Function]}
          role="button"
          style={
            {
              "background": "var(--color-purple)",
            }
          }
          tabIndex={-1}
        >
          <div
            className="colorIndicatorWrapper"
            style={{}}
          />
        </div>
      </li>
      <li
        className="itemWrapper"
        data-testid="color-picker-item_dark_purple"
        onMouseEnter={[Function]}
        onMouseLeave={[Function]}
      >
        <div
          className="feedbackIndicator"
        />
        <div
          aria-label="dark_purple"
          className="clickable colorItem colorItemSizeMedium disableTextSelection"
          data-testid="clickable"
          onClick={[Function]}
          onKeyDown={[Function]}
          onMouseDown={[Function]}
          onMouseEnter={[Function]}
          onMouseLeave={[Function]}
          role="button"
          style={
            {
              "background": "var(--color-dark_purple)",
            }
          }
          tabIndex={-1}
        >
          <div
            className="colorIndicatorWrapper"
            style={{}}
          />
        </div>
      </li>
      <li
        className="itemWrapper"
        data-testid="color-picker-item_berry"
        onMouseEnter={[Function]}
        onMouseLeave={[Function]}
      >
        <div
          className="feedbackIndicator"
        />
        <div
          aria-label="berry"
          className="clickable colorItem colorItemSizeMedium disableTextSelection"
          data-testid="clickable"
          onClick={[Function]}
          onKeyDown={[Function]}
          onMouseDown={[Function]}
          onMouseEnter={[Function]}
          onMouseLeave={[Function]}
          role="button"
          style={
            {
              "background": "var(--color-berry)",
            }
          }
          tabIndex={-1}
        >
          <div
            className="colorIndicatorWrapper"
            style={{}}
          />
        </div>
      </li>
      <li
        className="itemWrapper"
        data-testid="color-picker-item_dark_indigo"
        onMouseEnter={[Function]}
        onMouseLeave={[Function]}
      >
        <div
          className="feedbackIndicator"
        />
        <div
          aria-label="dark_indigo"
          className="clickable colorItem colorItemSizeMedium disableTextSelection"
          data-testid="clickable"
          onClick={[Function]}
          onKeyDown={[Function]}
          onMouseDown={[Function]}
          onMouseEnter={[Function]}
          onMouseLeave={[Function]}
          role="button"
          style={
            {
              "background": "var(--color-dark_indigo)",
            }
          }
          tabIndex={-1}
        >
          <div
            className="colorIndicatorWrapper"
            style={{}}
          />
        </div>
      </li>
      <li
        className="itemWrapper"
        data-testid="color-picker-item_indigo"
        onMouseEnter={[Function]}
        onMouseLeave={[Function]}
      >
        <div
          className="feedbackIndicator"
        />
        <div
          aria-label="indigo"
          className="clickable colorItem colorItemSizeMedium disableTextSelection"
          data-testid="clickable"
          onClick={[Function]}
          onKeyDown={[Function]}
          onMouseDown={[Function]}
          onMouseEnter={[Function]}
          onMouseLeave={[Function]}
          role="button"
          style={
            {
              "background": "var(--color-indigo)",
            }
          }
          tabIndex={-1}
        >
          <div
            className="colorIndicatorWrapper"
            style={{}}
          />
        </div>
      </li>
      <li
        className="itemWrapper"
        data-testid="color-picker-item_navy"
        onMouseEnter={[Function]}
        onMouseLeave={[Function]}
      >
        <div
          className="feedbackIndicator"
        />
        <div
          aria-label="navy"
          className="clickable colorItem colorItemSizeMedium disableTextSelection"
          data-testid="clickable"
          onClick={[Function]}
          onKeyDown={[Function]}
          onMouseDown={[Function]}
          onMouseEnter={[Function]}
          onMouseLeave={[Function]}
          role="button"
          style={
            {
              "background": "var(--color-navy)",
            }
          }
          tabIndex={-1}
        >
          <div
            className="colorIndicatorWrapper"
            style={{}}
          />
        </div>
      </li>
      <li
        className="itemWrapper"
        data-testid="color-picker-item_bright-blue"
        onMouseEnter={[Function]}
        onMouseLeave={[Function]}
      >
        <div
          className="feedbackIndicator"
        />
        <div
          aria-label="bright-blue"
          className="clickable colorItem colorItemSizeMedium disableTextSelection"
          data-testid="clickable"
          onClick={[Function]}
          onKeyDown={[Function]}
          onMouseDown={[Function]}
          onMouseEnter={[Function]}
          onMouseLeave={[Function]}
          role="button"
          style={
            {
              "background": "var(--color-bright-blue)",
            }
          }
          tabIndex={-1}
        >
          <div
            className="colorIndicatorWrapper"
            style={{}}
          />
        </div>
      </li>
      <li
        className="itemWrapper"
        data-testid="color-picker-item_dark-blue"
        onMouseEnter={[Function]}
        onMouseLeave={[Function]}
      >
        <div
          className="feedbackIndicator"
        />
        <div
          aria-label="dark-blue"
          className="clickable colorItem colorItemSizeMedium disableTextSelection"
          data-testid="clickable"
          onClick={[Function]}
          onKeyDown={[Function]}
          onMouseDown={[Function]}
          onMouseEnter={[Function]}
          onMouseLeave={[Function]}
          role="button"
          style={
            {
              "background": "var(--color-dark-blue)",
            }
          }
          tabIndex={-1}
        >
          <div
            className="colorIndicatorWrapper"
            style={{}}
          />
        </div>
      </li>
      <li
        className="itemWrapper"
        data-testid="color-picker-item_aquamarine"
        onMouseEnter={[Function]}
        onMouseLeave={[Function]}
      >
        <div
          className="feedbackIndicator"
        />
        <div
          aria-label="aquamarine"
          className="clickable colorItem colorItemSizeMedium disableTextSelection"
          data-testid="clickable"
          onClick={[Function]}
          onKeyDown={[Function]}
          onMouseDown={[Function]}
          onMouseEnter={[Function]}
          onMouseLeave={[Function]}
          role="button"
          style={
            {
              "background": "var(--color-aquamarine)",
            }
          }
          tabIndex={-1}
        >
          <div
            className="colorIndicatorWrapper"
            style={{}}
          />
        </div>
      </li>
      <li
        className="itemWrapper"
        data-testid="color-picker-item_chili-blue"
        onMouseEnter={[Function]}
        onMouseLeave={[Function]}
      >
        <div
          className="feedbackIndicator"
        />
        <div
          aria-label="chili-blue"
          className="clickable colorItem colorItemSizeMedium disableTextSelection"
          data-testid="clickable"
          onClick={[Function]}
          onKeyDown={[Function]}
          onMouseDown={[Function]}
          onMouseEnter={[Function]}
          onMouseLeave={[Function]}
          role="button"
          style={
            {
              "background": "var(--color-chili-blue)",
            }
          }
          tabIndex={-1}
        >
          <div
            className="colorIndicatorWrapper"
            style={{}}
          />
        </div>
      </li>
      <li
        className="itemWrapper"
        data-testid="color-picker-item_river"
        onMouseEnter={[Function]}
        onMouseLeave={[Function]}
      >
        <div
          className="feedbackIndicator"
        />
        <div
          aria-label="river"
          className="clickable colorItem colorItemSizeMedium disableTextSelection"
          data-testid="clickable"
          onClick={[Function]}
          onKeyDown={[Function]}
          onMouseDown={[Function]}
          onMouseEnter={[Function]}
          onMouseLeave={[Function]}
          role="button"
          style={
            {
              "background": "var(--color-river)",
            }
          }
          tabIndex={-1}
        >
          <div
            className="colorIndicatorWrapper"
            style={{}}
          />
        </div>
      </li>
      <li
        className="itemWrapper"
        data-testid="color-picker-item_winter"
        onMouseEnter={[Function]}
        onMouseLeave={[Function]}
      >
        <div
          className="feedbackIndicator"
        />
        <div
          aria-label="winter"
          className="clickable colorItem colorItemSizeMedium disableTextSelection"
          data-testid="clickable"
          onClick={[Function]}
          onKeyDown={[Function]}
          onMouseDown={[Function]}
          onMouseEnter={[Function]}
          onMouseLeave={[Function]}
          role="button"
          style={
            {
              "background": "var(--color-winter)",
            }
          }
          tabIndex={-1}
        >
          <div
            className="colorIndicatorWrapper"
            style={{}}
          />
        </div>
      </li>
      <li
        className="itemWrapper"
        data-testid="color-picker-item_explosive"
        onMouseEnter={[Function]}
        onMouseLeave={[Function]}
      >
        <div
          className="feedbackIndicator"
        />
        <div
          aria-label="explosive"
          className="clickable colorItem colorItemSizeMedium disableTextSelection"
          data-testid="clickable"
          onClick={[Function]}
          onKeyDown={[Function]}
          onMouseDown={[Function]}
          onMouseEnter={[Function]}
          onMouseLeave={[Function]}
          role="button"
          style={
            {
              "background": "var(--color-explosive)",
            }
          }
          tabIndex={-1}
        >
          <div
            className="colorIndicatorWrapper"
            style={{}}
          />
        </div>
      </li>
      <li
        className="itemWrapper"
        data-testid="color-picker-item_american_gray"
        onMouseEnter={[Function]}
        onMouseLeave={[Function]}
      >
        <div
          className="feedbackIndicator"
        />
        <div
          aria-label="american_gray"
          className="clickable colorItem colorItemSizeMedium disableTextSelection"
          data-testid="clickable"
          onClick={[Function]}
          onKeyDown={[Function]}
          onMouseDown={[Function]}
          onMouseEnter={[Function]}
          onMouseLeave={[Function]}
          role="button"
          style={
            {
              "background": "var(--color-american_gray)",
            }
          }
          tabIndex={-1}
        >
          <div
            className="colorIndicatorWrapper"
            style={{}}
          />
        </div>
      </li>
      <li
        className="itemWrapper"
        data-testid="color-picker-item_blackish"
        onMouseEnter={[Function]}
        onMouseLeave={[Function]}
      >
        <div
          className="feedbackIndicator"
        />
        <div
          aria-label="blackish"
          className="clickable colorItem colorItemSizeMedium disableTextSelection"
          data-testid="clickable"
          onClick={[Function]}
          onKeyDown={[Function]}
          onMouseDown={[Function]}
          onMouseEnter={[Function]}
          onMouseLeave={[Function]}
          role="button"
          style={
            {
              "background": "var(--color-blackish)",
            }
          }
          tabIndex={-1}
        >
          <div
            className="colorIndicatorWrapper"
            style={{}}
          />
        </div>
      </li>
      <li
        className="itemWrapper"
        data-testid="color-picker-item_brown"
        onMouseEnter={[Function]}
        onMouseLeave={[Function]}
      >
        <div
          className="feedbackIndicator"
        />
        <div
          aria-label="brown"
          className="clickable colorItem colorItemSizeMedium disableTextSelection"
          data-testid="clickable"
          onClick={[Function]}
          onKeyDown={[Function]}
          onMouseDown={[Function]}
          onMouseEnter={[Function]}
          onMouseLeave={[Function]}
          role="button"
          style={
            {
              "background": "var(--color-brown)",
            }
          }
          tabIndex={-1}
        >
          <div
            className="colorIndicatorWrapper"
            style={{}}
          />
        </div>
      </li>
      <li
        className="itemWrapper"
        data-testid="color-picker-item_orchid"
        onMouseEnter={[Function]}
        onMouseLeave={[Function]}
      >
        <div
          className="feedbackIndicator"
        />
        <div
          aria-label="orchid"
          className="clickable colorItem colorItemSizeMedium disableTextSelection"
          data-testid="clickable"
          onClick={[Function]}
          onKeyDown={[Function]}
          onMouseDown={[Function]}
          onMouseEnter={[Function]}
          onMouseLeave={[Function]}
          role="button"
          style={
            {
              "background": "var(--color-orchid)",
            }
          }
          tabIndex={-1}
        >
          <div
            className="colorIndicatorWrapper"
            style={{}}
          />
        </div>
      </li>
      <li
        className="itemWrapper"
        data-testid="color-picker-item_tan"
        onMouseEnter={[Function]}
        onMouseLeave={[Function]}
      >
        <div
          className="feedbackIndicator"
        />
        <div
          aria-label="tan"
          className="clickable colorItem colorItemSizeMedium disableTextSelection"
          data-testid="clickable"
          onClick={[Function]}
          onKeyDown={[Function]}
          onMouseDown={[Function]}
          onMouseEnter={[Function]}
          onMouseLeave={[Function]}
          role="button"
          style={
            {
              "background": "var(--color-tan)",
            }
          }
          tabIndex={-1}
        >
          <div
            className="colorIndicatorWrapper"
            style={{}}
          />
        </div>
      </li>
      <li
        className="itemWrapper"
        data-testid="color-picker-item_sky"
        onMouseEnter={[Function]}
        onMouseLeave={[Function]}
      >
        <div
          className="feedbackIndicator"
        />
        <div
          aria-label="sky"
          className="clickable colorItem colorItemSizeMedium disableTextSelection"
          data-testid="clickable"
          onClick={[Function]}
          onKeyDown={[Function]}
          onMouseDown={[Function]}
          onMouseEnter={[Function]}
          onMouseLeave={[Function]}
          role="button"
          style={
            {
              "background": "var(--color-sky)",
            }
          }
          tabIndex={-1}
        >
          <div
            className="colorIndicatorWrapper"
            style={{}}
          />
        </div>
      </li>
      <li
        className="itemWrapper"
        data-testid="color-picker-item_coffee"
        onMouseEnter={[Function]}
        onMouseLeave={[Function]}
      >
        <div
          className="feedbackIndicator"
        />
        <div
          aria-label="coffee"
          className="clickable colorItem colorItemSizeMedium disableTextSelection"
          data-testid="clickable"
          onClick={[Function]}
          onKeyDown={[Function]}
          onMouseDown={[Function]}
          onMouseEnter={[Function]}
          onMouseLeave={[Function]}
          role="button"
          style={
            {
              "background": "var(--color-coffee)",
            }
          }
          tabIndex={-1}
        >
          <div
            className="colorIndicatorWrapper"
            style={{}}
          />
        </div>
      </li>
      <li
        className="itemWrapper"
        data-testid="color-picker-item_royal"
        onMouseEnter={[Function]}
        onMouseLeave={[Function]}
      >
        <div
          className="feedbackIndicator"
        />
        <div
          aria-label="royal"
          className="clickable colorItem colorItemSizeMedium disableTextSelection"
          data-testid="clickable"
          onClick={[Function]}
          onKeyDown={[Function]}
          onMouseDown={[Function]}
          onMouseEnter={[Function]}
          onMouseLeave={[Function]}
          role="button"
          style={
            {
              "background": "var(--color-royal)",
            }
          }
          tabIndex={-1}
        >
          <div
            className="colorIndicatorWrapper"
            style={{}}
          />
        </div>
      </li>
      <li
        className="itemWrapper"
        data-testid="color-picker-item_teal"
        onMouseEnter={[Function]}
        onMouseLeave={[Function]}
      >
        <div
          className="feedbackIndicator"
        />
        <div
          aria-label="teal"
          className="clickable colorItem colorItemSizeMedium disableTextSelection"
          data-testid="clickable"
          onClick={[Function]}
          onKeyDown={[Function]}
          onMouseDown={[Function]}
          onMouseEnter={[Function]}
          onMouseLeave={[Function]}
          role="button"
          style={
            {
              "background": "var(--color-teal)",
            }
          }
          tabIndex={-1}
        >
          <div
            className="colorIndicatorWrapper"
            style={{}}
          />
        </div>
      </li>
      <li
        className="itemWrapper"
        data-testid="color-picker-item_lavender"
        onMouseEnter={[Function]}
        onMouseLeave={[Function]}
      >
        <div
          className="feedbackIndicator"
        />
        <div
          aria-label="lavender"
          className="clickable colorItem colorItemSizeMedium disableTextSelection"
          data-testid="clickable"
          onClick={[Function]}
          onKeyDown={[Function]}
          onMouseDown={[Function]}
          onMouseEnter={[Function]}
          onMouseLeave={[Function]}
          role="button"
          style={
            {
              "background": "var(--color-lavender)",
            }
          }
          tabIndex={-1}
        >
          <div
            className="colorIndicatorWrapper"
            style={{}}
          />
        </div>
      </li>
      <li
        className="itemWrapper"
        data-testid="color-picker-item_steel"
        onMouseEnter={[Function]}
        onMouseLeave={[Function]}
      >
        <div
          className="feedbackIndicator"
        />
        <div
          aria-label="steel"
          className="clickable colorItem colorItemSizeMedium disableTextSelection"
          data-testid="clickable"
          onClick={[Function]}
          onKeyDown={[Function]}
          onMouseDown={[Function]}
          onMouseEnter={[Function]}
          onMouseLeave={[Function]}
          role="button"
          style={
            {
              "background": "var(--color-steel)",
            }
          }
          tabIndex={-1}
        >
          <div
            className="colorIndicatorWrapper"
            style={{}}
          />
        </div>
      </li>
      <li
        className="itemWrapper"
        data-testid="color-picker-item_lilac"
        onMouseEnter={[Function]}
        onMouseLeave={[Function]}
      >
        <div
          className="feedbackIndicator"
        />
        <div
          aria-label="lilac"
          className="clickable colorItem colorItemSizeMedium disableTextSelection"
          data-testid="clickable"
          onClick={[Function]}
          onKeyDown={[Function]}
          onMouseDown={[Function]}
          onMouseEnter={[Function]}
          onMouseLeave={[Function]}
          role="button"
          style={
            {
              "background": "var(--color-lilac)",
            }
          }
          tabIndex={-1}
        >
          <div
            className="colorIndicatorWrapper"
            style={{}}
          />
        </div>
      </li>
      <li
        className="itemWrapper"
        data-testid="color-picker-item_pecan"
        onMouseEnter={[Function]}
        onMouseLeave={[Function]}
      >
        <div
          className="feedbackIndicator"
        />
        <div
          aria-label="pecan"
          className="clickable colorItem colorItemSizeMedium disableTextSelection"
          data-testid="clickable"
          onClick={[Function]}
          onKeyDown={[Function]}
          onMouseDown={[Function]}
          onMouseEnter={[Function]}
          onMouseLeave={[Function]}
          role="button"
          style={
            {
              "background": "var(--color-pecan)",
            }
          }
          tabIndex={-1}
        >
          <div
            className="colorIndicatorWrapper"
            style={{}}
          />
        </div>
      </li>
    </ul>
  </div>
</div>
`;
