// Jest Snapshot v1, https://goo.gl/fbAQLP

exports[`renders correctly with empty props 1`] = `
<li
  aria-disabled={false}
  aria-selected={false}
  className="tab--wrapper"
  id=""
  role="tab"
>
  <a
    className="tab-inner"
    onClick={[Function]}
  />
</li>
`;
